<?xml version="1.0" encoding="UTF-8"?>
<testsuites name="jest tests" tests="11" failures="0" errors="0" time="17.928">
  <testsuite name="p2tHttpService" errors="0" failures="0" skipped="0" timestamp="2026-07-16T22:47:14" time="5.468" tests="10">
    <testcase classname="p2tHttpService should be created" name="p2tHttpService should be created" time="0.009">
    </testcase>
    <testcase classname="p2tHttpService should call postP2T with correct parameters" name="p2tHttpService should call postP2T with correct parameters" time="0.003">
    </testcase>
    <testcase classname="p2tHttpService should call postP2TLLM with correct parameters for OpenAi without RAG" name="p2tHttpService should call postP2TLLM with correct parameters for OpenAi without RAG" time="0.002">
    </testcase>
    <testcase classname="p2tHttpService should call postP2TLLM with correct parameters for OpenAi with RAG" name="p2tHttpService should call postP2TLLM with correct parameters for OpenAi with RAG" time="0.001">
    </testcase>
    <testcase classname="p2tHttpService should call postP2TLLM with correct parameters for Gemini without RAG" name="p2tHttpService should call postP2TLLM with correct parameters for Gemini without RAG" time="0.002">
    </testcase>
    <testcase classname="p2tHttpService should call postP2TLLM with correct parameters for Gemini with RAG" name="p2tHttpService should call postP2TLLM with correct parameters for Gemini with RAG" time="0.002">
    </testcase>
    <testcase classname="p2tHttpService should call postP2TLLM with correct parameters for LMStudio without RAG (no API key)" name="p2tHttpService should call postP2TLLM with correct parameters for LMStudio without RAG (no API key)" time="0.003">
    </testcase>
    <testcase classname="p2tHttpService should call postP2TLLM with correct parameters for LMStudio with RAG (no API key)" name="p2tHttpService should call postP2TLLM with correct parameters for LMStudio with RAG (no API key)" time="0.001">
    </testcase>
    <testcase classname="p2tHttpService should call getModels with correct parameters" name="p2tHttpService should call getModels with correct parameters" time="0.002">
    </testcase>
    <testcase classname="p2tHttpService should call getModels for LMStudio with null API key" name="p2tHttpService should call getModels for LMStudio with null API key" time="0.001">
    </testcase>
  </testsuite>
  <testsuite name="t2pHttpService" errors="0" failures="0" skipped="0" timestamp="2026-07-16T22:47:20" time="1.56" tests="1">
    <testcase classname="t2pHttpService should be created" name="t2pHttpService should be created" time="0.003">
    </testcase>
  </testsuite>
</testsuites>